/home/loharkar/QuEnAIS-quantum-embedding/quenais-env2/lib/python3.11/site-packages/tequila/simulators/simulator_api.py:5: UserWarning: pkg_resources is deprecated as an API. See https://setuptools.pypa.io/en/latest/pkg_resources.html. The pkg_resources package is slated for removal as early as 2025-11-30. Refrain from using this package or pin to Setuptools<81.
  import pkg_resources
wandb: WARNING The anonymous setting has no effect and will be removed in a future version.
wandb: WARNING `resume` will be ignored since W&B syncing is set to `offline`. Starting a new run with run id sonxg87s.
wandb: Tracking run with wandb version 0.28.0
wandb: W&B syncing is set to `offline` in this directory. Run `wandb online` or set WANDB_MODE=online to enable cloud syncing.
wandb: Run data is saved locally in outputs/gqe-for-qsci/default-2026-07-13-14-51-06/wandb/offline-run-20260713_145106-sonxg87s
wandb: View this run in the terminal with `wandb leet`
converged SCF energy = -106.616959082769
Vocab size: 188
CASCI Energy: -107.44040897497159
CCSD Energy: -106.98408522634637
Using 16bit Automatic Mixed Precision (AMP)
GPU available: True (cuda), used: True
TPU available: False, using: 0 TPU cores
💡 Tip: For seamless cloud logging and experiment tracking, try installing [litlogger](https://pypi.org/project/litlogger/) to enable LitLogger, which logs metrics and artifacts automatically to the Lightning Experiments platform.
Checkpoint outputs/gqe-for-qsci/default-2026-07-13-14-51-06/models/last.ckpt does not exist. Training from scratch.
LOCAL_RANK: 0 - CUDA_VISIBLE_DEVICES: [0]
/home/loharkar/QuEnAIS-quantum-embedding/quenais-env2/lib/python3.11/site-packages/pytorch_lightning/utilities/model_summary/model_summary.py:242: Precision 16-mixed is not supported by the model summary.  Estimated model size in MB will not be accurate. Using 32 bits instead.

  | Name  | Type      | Params | Mode  | FLOPs
----------------------------------------------------
0 | model | GPT2Model | 42.7 M | train | 0    
----------------------------------------------------
42.7 M    Trainable params
0         Non-trainable params
42.7 M    Total params
170.726   Total estimated model params size (MB)
86        Modules in train mode
0         Modules in eval mode
0         Total Flops
TypeError: cannot pickle 'cudaq.mlir._mlir_libs._quakeDialects.cudaq_runtime.SampleResult' object
Error executing job with overrides: ['molecule=n2', 'trainer.max_iters=2']
TypeError: cannot pickle 'cudaq.mlir._mlir_libs._quakeDialects.cudaq_runtime.SampleResult' object
[1;34mwandb[0m: 
[1;34mwandb[0m: You can sync this run to the cloud by running:
[1;34mwandb[0m: [1mwandb sync outputs/gqe-for-qsci/default-2026-07-13-14-51-06/wandb/offline-run-20260713_145106-sonxg87s[0m


(/home/loharkar/QuEnAIS-quantum-embedding/quenais-env2) [loharkar@erebos05:gqe-for-qsci]$ python train.py molecule=n2 trainer.max_iters=2 > run.log 2>&1
(/home/loharkar/QuEnAIS-quantum-embedding/quenais-env2) [loharkar@erebos05:gqe-for-qsci]$ grep -n 'File"' run.log
(/home/loharkar/QuEnAIS-quantum-embedding/quenais-env2) [loharkar@erebos05:gqe-for-qsci]$ 